
Memory Configuration

Name             Origin             Length             Attributes
flash            0x00000000         0x00008000
ram              0x10000000         0x00002000
*default*        0x00000000         0xffffffff

Linker script and memory map

LOAD init.o
LOAD main.o
LOAD C:\Program Files (x86)\GNU Tools ARM Embedded\5.4 2016q2\lib\gcc\arm-none-eabi\5.4.1\armv6-m\libgcc.a
                0x00000000                . = ORIGIN (flash)

.text           0x00000000      0x200
 *(.vectors)
 .vectors       0x00000000       0xc0 init.o
                0x00000000                Vectors
 *(.text)
 .text          0x000000c0       0xdc init.o
                0x000000c0                start
                0x000000d0                clock_init
                0x0000011c                init
                0x00000194                Default_Handler
 .text          0x0000019c       0x64 main.o
                0x0000019c                main

.glue_7         0x00000200        0x0
 .glue_7        0x00000200        0x0 linker stubs

.glue_7t        0x00000200        0x0
 .glue_7t       0x00000200        0x0 linker stubs

.vfp11_veneer   0x00000200        0x0
 .vfp11_veneer  0x00000200        0x0 linker stubs

.v4_bx          0x00000200        0x0
 .v4_bx         0x00000200        0x0 linker stubs

.iplt           0x00000200        0x0
 .iplt          0x00000200        0x0 init.o

.rel.dyn        0x00000200        0x0
 .rel.iplt      0x00000200        0x0 init.o
                0x10000000                . = ORIGIN (ram)

.data           0x10000000        0x0 load address 0x00000200
                0x00000200                INIT_DATA_VALUES = LOADADDR (.data)
                0x10000000                INIT_DATA_START = .
 *(.data)
 .data          0x10000000        0x0 init.o
 .data          0x10000000        0x0 main.o
                0x10000000                INIT_DATA_END = .
                0x10000000                BSS_START = .

.igot.plt       0x10000000        0x0 load address 0x00000200
 .igot.plt      0x10000000        0x0 init.o

.bss            0x10000000        0x0 load address 0x00000200
 *(.bss)
 .bss           0x10000000        0x0 init.o
 .bss           0x10000000        0x0 main.o
                0x10000000                BSS_END = .
OUTPUT(main.elf elf32-littlearm)

.debug_info     0x00000000      0x1a1
 .debug_info    0x00000000      0x113 init.o
 .debug_info    0x00000113       0x8e main.o

.debug_abbrev   0x00000000      0x130
 .debug_abbrev  0x00000000       0xdf init.o
 .debug_abbrev  0x000000df       0x51 main.o

.debug_aranges  0x00000000       0x40
 .debug_aranges
                0x00000000       0x20 init.o
 .debug_aranges
                0x00000020       0x20 main.o

.debug_line     0x00000000       0xa2
 .debug_line    0x00000000       0x56 init.o
 .debug_line    0x00000056       0x4c main.o

.debug_str      0x00000000      0x173
 .debug_str     0x00000000      0x125 init.o
                                0x137 (size before relaxing)
 .debug_str     0x00000125       0x4e main.o
                                0x128 (size before relaxing)

.comment        0x00000000       0x6e
 .comment       0x00000000       0x6e init.o
                                 0x6f (size before relaxing)
 .comment       0x0000006e       0x6f main.o

.ARM.attributes
                0x00000000       0x31
 .ARM.attributes
                0x00000000       0x31 init.o
 .ARM.attributes
                0x00000031       0x31 main.o

.debug_frame    0x00000000       0xb4
 .debug_frame   0x00000000       0x84 init.o
 .debug_frame   0x00000084       0x30 main.o

Cross Reference Table

Symbol                                            File
BSS_END                                           init.o
BSS_START                                         init.o
Default_Handler                                   init.o
INIT_DATA_END                                     init.o
INIT_DATA_START                                   init.o
INIT_DATA_VALUES                                  init.o
SysTick_Handler                                   init.o
Vectors                                           init.o
clock_init                                        init.o
init                                              init.o
main                                              main.o
                                                  init.o
start                                             init.o
